mode: set
asperitas-clone/pkg/user_repo/user_repo.go:18.64,22.35 4 1
asperitas-clone/pkg/user_repo/user_repo.go:27.2,27.18 1 1
asperitas-clone/pkg/user_repo/user_repo.go:22.35,24.3 1 1
asperitas-clone/pkg/user_repo/user_repo.go:24.8,24.23 1 1
asperitas-clone/pkg/user_repo/user_repo.go:24.23,26.3 1 1
asperitas-clone/pkg/user_repo/user_repo.go:30.79,34.35 4 1
asperitas-clone/pkg/user_repo/user_repo.go:39.2,39.18 1 1
asperitas-clone/pkg/user_repo/user_repo.go:34.35,36.3 1 1
asperitas-clone/pkg/user_repo/user_repo.go:36.8,36.23 1 1
asperitas-clone/pkg/user_repo/user_repo.go:36.23,38.3 1 1
asperitas-clone/pkg/user_repo/user_repo.go:42.62,46.16 4 1
asperitas-clone/pkg/user_repo/user_repo.go:51.2,56.16 2 1
asperitas-clone/pkg/user_repo/user_repo.go:59.2,60.21 2 1
asperitas-clone/pkg/user_repo/user_repo.go:46.16,48.3 1 1
asperitas-clone/pkg/user_repo/user_repo.go:48.8,48.43 1 1
asperitas-clone/pkg/user_repo/user_repo.go:48.43,50.3 1 1
asperitas-clone/pkg/user_repo/user_repo.go:56.16,58.3 1 1
asperitas-clone/pkg/user_repo/user_repo.go:63.43,66.2 2 1
asperitas-clone/pkg/user_repo/user_repo.go:68.80,70.16 2 1
asperitas-clone/pkg/user_repo/user_repo.go:73.2,73.14 1 1
asperitas-clone/pkg/user_repo/user_repo.go:76.2,76.41 1 1
asperitas-clone/pkg/user_repo/user_repo.go:79.2,79.30 1 1
asperitas-clone/pkg/user_repo/user_repo.go:70.16,72.3 1 1
asperitas-clone/pkg/user_repo/user_repo.go:73.14,75.3 1 1
asperitas-clone/pkg/user_repo/user_repo.go:76.41,78.3 1 1
