mode: set
asperitas-clone/pkg/handlers/post.go:42.75,44.16 2 1
asperitas-clone/pkg/handlers/post.go:49.2,50.16 2 1
asperitas-clone/pkg/handlers/post.go:54.2,54.19 1 1
asperitas-clone/pkg/handlers/post.go:44.16,47.3 2 1
asperitas-clone/pkg/handlers/post.go:50.16,53.3 2 0
asperitas-clone/pkg/handlers/post.go:57.75,59.36 2 1
asperitas-clone/pkg/handlers/post.go:63.2,64.16 2 1
asperitas-clone/pkg/handlers/post.go:68.2,70.16 3 1
asperitas-clone/pkg/handlers/post.go:74.2,74.19 1 1
asperitas-clone/pkg/handlers/post.go:59.36,62.3 2 1
asperitas-clone/pkg/handlers/post.go:64.16,67.3 2 1
asperitas-clone/pkg/handlers/post.go:70.16,73.3 2 0
asperitas-clone/pkg/handlers/post.go:77.82,79.9 2 1
asperitas-clone/pkg/handlers/post.go:83.2,84.16 2 1
asperitas-clone/pkg/handlers/post.go:89.2,90.16 2 1
asperitas-clone/pkg/handlers/post.go:94.2,94.19 1 1
asperitas-clone/pkg/handlers/post.go:79.9,82.3 2 1
asperitas-clone/pkg/handlers/post.go:84.16,87.3 2 1
asperitas-clone/pkg/handlers/post.go:90.16,93.3 2 0
asperitas-clone/pkg/handlers/post.go:97.71,100.46 3 1
asperitas-clone/pkg/handlers/post.go:104.2,106.16 3 1
asperitas-clone/pkg/handlers/post.go:110.2,111.16 2 1
asperitas-clone/pkg/handlers/post.go:115.2,128.16 9 1
asperitas-clone/pkg/handlers/post.go:132.2,133.16 2 1
asperitas-clone/pkg/handlers/post.go:137.2,137.53 1 1
asperitas-clone/pkg/handlers/post.go:100.46,103.3 2 1
asperitas-clone/pkg/handlers/post.go:106.16,109.3 2 1
asperitas-clone/pkg/handlers/post.go:111.16,114.3 2 1
asperitas-clone/pkg/handlers/post.go:128.16,131.3 2 1
asperitas-clone/pkg/handlers/post.go:133.16,136.3 2 0
asperitas-clone/pkg/handlers/post.go:140.75,142.36 2 1
asperitas-clone/pkg/handlers/post.go:146.2,149.49 4 1
asperitas-clone/pkg/handlers/post.go:153.2,156.16 3 1
asperitas-clone/pkg/handlers/post.go:160.2,160.17 1 1
asperitas-clone/pkg/handlers/post.go:164.2,165.16 2 1
asperitas-clone/pkg/handlers/post.go:169.2,169.17 1 1
asperitas-clone/pkg/handlers/post.go:174.2,181.16 3 1
asperitas-clone/pkg/handlers/post.go:185.2,185.17 1 1
asperitas-clone/pkg/handlers/post.go:190.2,191.37 2 1
asperitas-clone/pkg/handlers/post.go:199.2,200.16 2 1
asperitas-clone/pkg/handlers/post.go:204.2,204.19 1 1
asperitas-clone/pkg/handlers/post.go:142.36,145.3 2 1
asperitas-clone/pkg/handlers/post.go:149.49,152.3 2 1
asperitas-clone/pkg/handlers/post.go:156.16,159.3 2 1
asperitas-clone/pkg/handlers/post.go:160.17,163.3 2 1
asperitas-clone/pkg/handlers/post.go:165.16,168.3 2 1
asperitas-clone/pkg/handlers/post.go:169.17,172.3 2 1
asperitas-clone/pkg/handlers/post.go:181.16,184.3 2 1
asperitas-clone/pkg/handlers/post.go:185.17,188.3 2 1
asperitas-clone/pkg/handlers/post.go:191.37,194.3 2 1
asperitas-clone/pkg/handlers/post.go:194.8,194.23 1 1
asperitas-clone/pkg/handlers/post.go:194.23,197.3 2 1
asperitas-clone/pkg/handlers/post.go:200.16,203.3 2 0
asperitas-clone/pkg/handlers/post.go:207.77,209.40 2 1
asperitas-clone/pkg/handlers/post.go:213.2,215.43 3 1
asperitas-clone/pkg/handlers/post.go:219.2,221.16 3 1
asperitas-clone/pkg/handlers/post.go:225.2,225.17 1 1
asperitas-clone/pkg/handlers/post.go:229.2,230.16 2 1
asperitas-clone/pkg/handlers/post.go:234.2,234.17 1 1
asperitas-clone/pkg/handlers/post.go:238.2,239.16 2 1
asperitas-clone/pkg/handlers/post.go:244.2,245.16 2 1
asperitas-clone/pkg/handlers/post.go:249.2,249.19 1 1
asperitas-clone/pkg/handlers/post.go:209.40,212.3 2 1
asperitas-clone/pkg/handlers/post.go:215.43,218.3 2 1
asperitas-clone/pkg/handlers/post.go:221.16,224.3 2 1
asperitas-clone/pkg/handlers/post.go:225.17,228.3 2 1
asperitas-clone/pkg/handlers/post.go:230.16,233.3 2 1
asperitas-clone/pkg/handlers/post.go:234.17,237.3 2 1
asperitas-clone/pkg/handlers/post.go:239.16,242.3 2 1
asperitas-clone/pkg/handlers/post.go:245.16,248.3 2 0
asperitas-clone/pkg/handlers/post.go:252.74,254.40 2 1
asperitas-clone/pkg/handlers/post.go:258.2,260.16 3 1
asperitas-clone/pkg/handlers/post.go:264.2,264.17 1 1
asperitas-clone/pkg/handlers/post.go:268.2,269.16 2 1
asperitas-clone/pkg/handlers/post.go:273.2,273.17 1 1
asperitas-clone/pkg/handlers/post.go:277.2,278.16 2 1
asperitas-clone/pkg/handlers/post.go:283.2,283.42 1 1
asperitas-clone/pkg/handlers/post.go:254.40,257.3 2 1
asperitas-clone/pkg/handlers/post.go:260.16,263.3 2 1
asperitas-clone/pkg/handlers/post.go:264.17,267.3 2 1
asperitas-clone/pkg/handlers/post.go:269.16,272.3 2 1
asperitas-clone/pkg/handlers/post.go:273.17,276.3 2 1
asperitas-clone/pkg/handlers/post.go:278.16,281.3 2 1
asperitas-clone/pkg/handlers/post.go:286.68,288.40 2 1
asperitas-clone/pkg/handlers/post.go:292.2,294.9 3 1
asperitas-clone/pkg/handlers/post.go:298.2,299.20 2 1
asperitas-clone/pkg/handlers/post.go:305.2,306.16 2 1
asperitas-clone/pkg/handlers/post.go:311.2,312.16 2 1
asperitas-clone/pkg/handlers/post.go:316.2,316.17 1 1
asperitas-clone/pkg/handlers/post.go:320.2,321.16 2 1
asperitas-clone/pkg/handlers/post.go:325.2,326.16 2 1
asperitas-clone/pkg/handlers/post.go:330.2,331.16 2 1
asperitas-clone/pkg/handlers/post.go:335.2,335.19 1 1
asperitas-clone/pkg/handlers/post.go:288.40,291.3 2 1
asperitas-clone/pkg/handlers/post.go:294.9,297.3 2 1
asperitas-clone/pkg/handlers/post.go:300.16,301.11 1 1
asperitas-clone/pkg/handlers/post.go:302.18,303.12 1 1
asperitas-clone/pkg/handlers/post.go:306.16,309.3 2 1
asperitas-clone/pkg/handlers/post.go:312.16,315.3 2 1
asperitas-clone/pkg/handlers/post.go:316.17,319.3 2 1
asperitas-clone/pkg/handlers/post.go:321.16,324.3 2 1
asperitas-clone/pkg/handlers/post.go:326.16,329.3 2 1
asperitas-clone/pkg/handlers/post.go:331.16,334.3 2 0
asperitas-clone/pkg/handlers/post_mock.go:27.91,31.2 3 1
asperitas-clone/pkg/handlers/post_mock.go:34.89,36.2 1 1
asperitas-clone/pkg/handlers/post_mock.go:39.88,45.2 5 1
asperitas-clone/pkg/handlers/post_mock.go:48.91,51.2 2 1
asperitas-clone/pkg/handlers/post_mock.go:54.107,59.2 4 1
asperitas-clone/pkg/handlers/post_mock.go:62.109,65.2 2 1
asperitas-clone/pkg/handlers/post_mock.go:68.94,73.2 4 1
asperitas-clone/pkg/handlers/post_mock.go:76.100,79.2 2 1
asperitas-clone/pkg/handlers/post_mock.go:82.95,87.2 4 1
asperitas-clone/pkg/handlers/post_mock.go:90.111,93.2 2 1
asperitas-clone/pkg/handlers/post_mock.go:96.76,102.2 5 1
asperitas-clone/pkg/handlers/post_mock.go:105.79,108.2 2 1
asperitas-clone/pkg/handlers/post_mock.go:111.92,117.2 5 1
asperitas-clone/pkg/handlers/post_mock.go:120.95,123.2 2 1
asperitas-clone/pkg/handlers/post_mock.go:126.94,132.2 5 1
asperitas-clone/pkg/handlers/post_mock.go:135.102,138.2 2 1
asperitas-clone/pkg/handlers/post_mock.go:141.94,147.2 5 1
asperitas-clone/pkg/handlers/post_mock.go:150.102,153.2 2 1
asperitas-clone/pkg/handlers/post_mock.go:156.113,162.2 5 1
asperitas-clone/pkg/handlers/post_mock.go:165.101,168.2 2 1
asperitas-clone/pkg/handlers/post_mock.go:171.84,176.2 4 1
asperitas-clone/pkg/handlers/post_mock.go:179.100,182.2 2 1
asperitas-clone/pkg/handlers/user.go:38.63,46.16 3 1
asperitas-clone/pkg/handlers/user.go:49.2,53.16 2 1
asperitas-clone/pkg/handlers/user.go:56.2,56.22 1 1
asperitas-clone/pkg/handlers/user.go:46.16,48.3 1 0
asperitas-clone/pkg/handlers/user.go:53.16,55.3 1 0
asperitas-clone/pkg/handlers/user.go:64.72,67.47 3 1
asperitas-clone/pkg/handlers/user.go:71.2,74.48 4 1
asperitas-clone/pkg/handlers/user.go:91.2,91.16 1 1
asperitas-clone/pkg/handlers/user.go:96.2,97.16 2 1
asperitas-clone/pkg/handlers/user.go:101.2,102.16 2 1
asperitas-clone/pkg/handlers/user.go:107.2,108.16 2 1
asperitas-clone/pkg/handlers/user.go:67.47,70.3 2 1
asperitas-clone/pkg/handlers/user.go:74.48,85.17 3 1
asperitas-clone/pkg/handlers/user.go:88.3,89.9 2 1
asperitas-clone/pkg/handlers/user.go:85.17,87.4 1 0
asperitas-clone/pkg/handlers/user.go:91.16,94.3 2 1
asperitas-clone/pkg/handlers/user.go:97.16,99.3 1 0
asperitas-clone/pkg/handlers/user.go:102.16,105.3 2 1
asperitas-clone/pkg/handlers/user.go:111.69,114.44 3 1
asperitas-clone/pkg/handlers/user.go:118.2,120.28 3 1
asperitas-clone/pkg/handlers/user.go:130.2,131.16 2 1
asperitas-clone/pkg/handlers/user.go:134.2,135.16 2 1
asperitas-clone/pkg/handlers/user.go:139.2,140.55 2 1
asperitas-clone/pkg/handlers/user.go:114.44,117.3 2 1
asperitas-clone/pkg/handlers/user.go:120.28,123.3 2 1
asperitas-clone/pkg/handlers/user.go:123.8,123.36 1 1
asperitas-clone/pkg/handlers/user.go:123.36,126.3 2 1
asperitas-clone/pkg/handlers/user.go:126.8,126.23 1 1
asperitas-clone/pkg/handlers/user.go:126.23,129.3 2 1
asperitas-clone/pkg/handlers/user.go:131.16,133.3 1 0
asperitas-clone/pkg/handlers/user.go:135.16,138.3 2 1
asperitas-clone/pkg/handlers/user.go:143.63,148.2 2 1
asperitas-clone/pkg/handlers/user.go:150.72,152.9 2 1
asperitas-clone/pkg/handlers/user.go:156.2,157.16 2 1
asperitas-clone/pkg/handlers/user.go:162.2,163.16 2 1
asperitas-clone/pkg/handlers/user.go:167.2,167.19 1 1
asperitas-clone/pkg/handlers/user.go:152.9,155.3 2 1
asperitas-clone/pkg/handlers/user.go:157.16,160.3 2 1
asperitas-clone/pkg/handlers/user.go:163.16,166.3 2 0
asperitas-clone/pkg/handlers/user_mock.go:26.91,30.2 3 1
asperitas-clone/pkg/handlers/user_mock.go:33.89,35.2 1 1
asperitas-clone/pkg/handlers/user_mock.go:38.78,44.2 5 1
asperitas-clone/pkg/handlers/user_mock.go:47.91,50.2 2 1
asperitas-clone/pkg/handlers/user_mock.go:53.89,59.2 5 1
asperitas-clone/pkg/handlers/user_mock.go:62.99,65.2 2 1
asperitas-clone/pkg/handlers/user_mock.go:68.82,74.2 5 1
asperitas-clone/pkg/handlers/user_mock.go:77.95,80.2 2 1
asperitas-clone/pkg/handlers/user_mock.go:83.91,89.2 5 0
asperitas-clone/pkg/handlers/user_mock.go:92.101,95.2 2 0
